<?xml version="1.0" encoding="utf-8"?><testsuites name="pytest tests"><testsuite name="pytest" errors="2" failures="0" skipped="1" tests="3" time="4.528" timestamp="2026-01-15T14:57:07.144152+00:00" hostname="Charwayyyyyy"><testcase classname="" name="test_all_components" time="0.000"><error message="collection failure">ImportError while importing test module 'C:\Users\Theo-Kyei\Desktop\gsl\tests\test_all_components.py'.
Hint: make sure your test modules/packages have valid Python names.
Traceback:
..\..\..\AppData\Local\Programs\Python\Python313\Lib\importlib\__init__.py:88: in import_module
    return _bootstrap._gcd_import(name[level:], package, level)
           ^^^^^^^^^^^^^^^^^^^^^^^^^^^^^^^^^^^^^^^^^^^^^^^^^^^^
test_all_components.py:17: in &lt;module&gt;
    from api.services.mediapipe_service import MediaPipeService, MediaPipeConfig
E   ImportError: cannot import name 'MediaPipeConfig' from 'api.services.mediapipe_service' (C:\Users\Theo-Kyei\Desktop\gsl\api\services\mediapipe_service.py)</error></testcase><testcase classname="" name="test_frontend_components" time="0.000"><skipped message="collection skipped">('C:\\Users\\Theo-Kyei\\Desktop\\gsl\\tests\\test_frontend_components.py', 4, 'Skipped: Frontend component tests are handled by Vitest, not pytest.')</skipped></testcase><testcase classname="" name="test_sign_recognition" time="0.000"><error message="collection failure">ImportError while importing test module 'C:\Users\Theo-Kyei\Desktop\gsl\tests\test_sign_recognition.py'.
Hint: make sure your test modules/packages have valid Python names.
Traceback:
..\..\..\AppData\Local\Programs\Python\Python313\Lib\importlib\__init__.py:88: in import_module
    return _bootstrap._gcd_import(name[level:], package, level)
           ^^^^^^^^^^^^^^^^^^^^^^^^^^^^^^^^^^^^^^^^^^^^^^^^^^^^
test_sign_recognition.py:11: in &lt;module&gt;
    from services.sign_recognition_service import (
E   ImportError: cannot import name 'SignRecognitionTransformer' from 'services.sign_recognition_service' (C:\Users\Theo-Kyei\Desktop\gsl\tests\..\api\services\sign_recognition_service.py)</error></testcase></testsuite></testsuites>